878 xlsx 로딩...
  행 878 / 이미지 877

[백학지구 - 연포천(4급 방성경)] 결과 존재 → 건너뜀 (C:\Users\Sweet HOME\Documents\경기대 논문 연구\학회논문\실험데이터\_fewshot_result_백학지구.json)

======================================================================
[흥부지구 - 화성수원(7급 서영천)]  샘플 4 | 카메라행 102 | 누수제외 [404] | 평가 101 (오답 1)
  k=0: P=0.000 R=0.000 F1=0.000 Acc=0.891 | TP0 FP7 TN90 FN4 | 5.3s/건
  k=1: P=0.071 R=0.250 F1=0.111 Acc=0.842 | TP1 FP13 TN84 FN3 | 4.9s/건
  k=2: P=0.000 R=0.000 F1=0.000 Acc=0.901 | TP0 FP6 TN91 FN4 | 5.0s/건
  k=3: P=0.000 R=0.000 F1=0.000 Acc=0.931 | TP0 FP3 TN94 FN4 | 4.7s/건
  k=4: P=0.000 R=0.000 F1=0.000 Acc=0.921 | TP0 FP4 TN93 FN4 | 5.3s/건
  --- 오답(X) 케이스 k별 판정 ---
    #505 [안전]: k0:BLOCK k1:BLOCK k2:BLOCK k3:BLOCK k4:BLOCK

======================================================================
[풍동지구 - 고양(3급 김효섭)]  샘플 5 | 카메라행 16 | 누수제외 [6] | 평가 15 (오답 2)
  k=0: P=0.000 R=0.000 F1=0.000 Acc=0.867 | TP0 FP1 TN13 FN1 | 5.2s/건
  k=1: P=0.000 R=0.000 F1=0.000 Acc=0.933 | TP0 FP0 TN14 FN1 | 4.5s/건
  k=2: P=0.000 R=0.000 F1=0.000 Acc=0.867 | TP0 FP1 TN13 FN1 | 5.1s/건
  k=3: P=0.000 R=0.000 F1=0.000 Acc=0.933 | TP0 FP0 TN14 FN1 | 4.9s/건
  k=4: P=0.000 R=0.000 F1=0.000 Acc=0.867 | TP0 FP1 TN13 FN1 | 6.3s/건
  k=5: P=0.000 R=0.000 F1=0.000 Acc=0.933 | TP0 FP0 TN14 FN1 | 3.5s/건
  --- 오답(X) 케이스 k별 판정 ---
    #577 [안전]: k0:BLOCK k1:BLOCK k2:BLOCK k3:BLOCK k4:BLOCK k5:BLOCK
    #627 [안전]: k0:BLOCK k1:BLOCK k2:BLOCK k3:BLOCK k4:BLOCK k5:BLOCK

======================================================================
[선곡지구 - 연포천(4급 방성경)]  샘플 1 | 카메라행 16 | 누수제외 [] | 평가 16 (오답 2)
  k=0: P=0.667 R=0.600 F1=0.632 Acc=0.562 | TP6 FP3 TN3 FN4 | 6.4s/건
  k=1: P=1.000 R=0.700 F1=0.824 Acc=0.812 | TP7 FP0 TN6 FN3 | 5.2s/건
  --- 오답(X) 케이스 k별 판정 ---
    #300 [위험]: k0:BLOCK k1:BLOCK
    #581 [위험]: k0:BLOCK k1:BLOCK

======================================================================
[애룡저수지(고정) - 파주(4급 김종윤)]  샘플 3 | 카메라행 31 | 누수제외 [70] | 평가 30 (오답 1)
  k=0: P=0.000 R=0.000 F1=0.000 Acc=0.967 | TP0 FP0 TN29 FN1 | 5.2s/건
  k=1: P=0.000 R=0.000 F1=0.000 Acc=0.800 | TP0 FP5 TN24 FN1 | 4.5s/건
  k=2: P=0.000 R=0.000 F1=0.000 Acc=0.833 | TP0 FP4 TN25 FN1 | 4.7s/건
  k=3: P=0.000 R=0.000 F1=0.000 Acc=0.800 | TP0 FP5 TN24 FN1 | 4.5s/건
  --- 오답(X) 케이스 k별 판정 ---
    #308 [위험]: k0:BLOCK k1:BLOCK k2:BLOCK k3:BLOCK

======================================================================
[상방지구 - 강화옹진(4급 김유라)]  샘플 5 | 카메라행 9 | 누수제외 [] | 평가 9 (오답 1)
  k=0: P=0.000 R=0.000 F1=0.000 Acc=0.889 | TP0 FP0 TN8 FN1 | 4.0s/건
  k=1: P=0.000 R=0.000 F1=0.000 Acc=0.667 | TP0 FP2 TN6 FN1 | 8.0s/건
  k=2: P=0.000 R=0.000 F1=0.000 Acc=0.556 | TP0 FP3 TN5 FN1 | 10.4s/건
  k=3: P=0.000 R=0.000 F1=0.000 Acc=0.556 | TP0 FP3 TN5 FN1 | 5.2s/건
  k=4: P=0.000 R=0.000 F1=0.000 Acc=0.667 | TP0 FP2 TN6 FN1 | 4.2s/건
  k=5: P=0.000 R=0.000 F1=0.000 Acc=0.556 | TP0 FP3 TN5 FN1 | 2.9s/건
  --- 오답(X) 케이스 k별 판정 ---
    #232 [위험]: k0:BLOCK k1:BLOCK k2:BLOCK k3:BLOCK k4:BLOCK k5:BLOCK

완료. 결과 JSON 저장됨.
